new 1F:01 iter 0
new 1F:03 iter 3
new 00:00 iter 9
new 00:03 iter 10
new 00:02 iter 11
new 00:01 iter 13
new 1F:02 iter 18
new 08:00 iter 24
new 1F:05 iter 31
new 1F:08 iter 79
new 1F:09 iter 80
new 1F:0A iter 84
new 1F:06 iter 95
new 07:01 iter 139
new 19:03 iter 153
new 1F:04 iter 214
new 1F:07 iter 247
new 1F:0B iter 290
new 19:04 iter 581
new 02:01 iter 659
new 1F:00 iter 1070
new 00:04 iter 1144
new 00:05 iter 1273
new 06:00 iter 1274
new 06:01 iter 1275
new 19:02 iter 1776
new 07:00 iter 2154
new 07:02 iter 2468
new 07:04 iter 2471
new 08:01 iter 3784
new 08:02 iter 3785
new 04:01 iter 8398
new 02:00 iter 9405
new 00:07 iter 10062
new 00:06 iter 10063
new 01:00 iter 13282
new 08:06 iter 25147
new 08:07 iter 25467
new 01:01 iter 40147
new 01:02 iter 41824
new 08:0F iter 48631
new 08:10 iter 48632
iters 57620 states ['00:00', '00:01', '00:02', '00:03', '00:04', '00:05', '00:06', '00:07', '01:00', '01:01', '01:02', '02:00', '02:01', '04:01', '06:00', '06:01', '07:00', '07:01', '07:02', '07:04', '08:00', '08:01', '08:02', '08:06', '08:07', '08:0F', '08:10', '19:02', '19:03', '19:04', '1F:00', '1F:01', '1F:02', '1F:03', '1F:04', '1F:05', '1F:06', '1F:07', '1F:08', '1F:09', '1F:0A', '1F:0B']
